MSBuild version 17.14.40+3e7442088 for .NET Framework
Build started 5/13/2026 10:46:18 AM.

Project "C:\Users\User\Documents\claude_code\OpenCarnivores\OpenCarnivores.vcxproj" on node 1 (default targets).
PrepareForBuild:
  Structured output is enabled. The formatting of compiler diagnostics will reflect the error hierarchy. See https://aka.ms/cpp/structured-output for more details.
InitializeBuildStatus:
  Touching "OpenCarnivores\x64\Debug\OpenCarnivores.tlog\unsuccessfulbuild".
ClCompile:
  C:\Program Files\Microsoft Visual Studio\2022\Community\VC\Tools\MSVC\14.44.35207\bin\HostX86\x64\CL.exe /c /Ideps\glad\include /I"deps\sdl2-2.30.12\include" /I"deps\openal-soft\include" /Ideps\lua\src /ZI /JMC /nologo /W3 /WX- /diagnostics:column /Od /D CODE_ANALYSIS /D _opengl /D _DEBUG /D _WINDOWS /Gm- /EHsc /RTC1 /MDd /GS /fp:precise /Zc:wchar_t /Zc:forScope /Zc:inline /std:c++17 /Fo"OpenCarnivores\x64\Debug\\" /Fd"OpenCarnivores\x64\Debug\vc143.pdb" /external:W3 /Gd /TP /analyze /analyze:projectdirectory"C:\Users\User\Documents\claude_code\OpenCarnivores" /analyze:rulesetdirectory";C:\Program Files\Microsoft Visual Studio\2022\Community\Team Tools\Static Analysis Tools\\Rule Sets;" /analyze:ruleset"C:\Program Files\Microsoft Visual Studio\2022\Community\Team Tools\Static Analysis Tools\Rule Sets\NativeRecommendedRules.ruleset" /analyze:quiet /analyze:plugin"C:\Program Files\Microsoft Visual Studio\2022\Community\VC\Tools\MSVC\14.44.35207\bin\HostX86\x64\EspXEngine.dll" /FC /errorReport:queue Audio.cpp Audio_DLL.cpp Audio_OpenAL.cpp Audio_SDL.cpp Bindings.cpp build\cmakefiles\4.3.1\compileridcxx\CMakeCXXCompilerId.cpp Characters.cpp compat\dxguids.cpp CustomMaterials.cpp DataDefs.cpp Game.cpp Gamepad.cpp HotReload.cpp Hunt2.cpp Interface.cpp Loading.cpp Materials.cpp mathematics.cpp Menu.cpp ModelOverrides.cpp Render3DFX.cpp renderasm.cpp renderd3d.cpp renderer\RendererGL.cpp renderer\PostProcessing.cpp RenderSoft.cpp Resources.cpp Scripting.cpp TextureOverrides.cpp VFS.cpp
  Audio.cpp
  Audio_DLL.cpp
C:\Users\User\Documents\claude_code\OpenCarnivores\Audio.cpp(465,19): warning C4311: 'type cast': pointer truncation from 'short *' to 'int' [C:\Users\User\Documents\claude_code\OpenCarnivores\OpenCarnivores.vcxproj]
C:\Users\User\Documents\claude_code\OpenCarnivores\Audio.cpp(465,19): warning C4302: 'type cast': truncation from 'short *' to 'int' [C:\Users\User\Documents\claude_code\OpenCarnivores\OpenCarnivores.vcxproj]
C:\Users\User\Documents\claude_code\OpenCarnivores\Audio.cpp(468,27): warning C4311: 'type cast': pointer truncation from 'char *' to 'int' [C:\Users\User\Documents\claude_code\OpenCarnivores\OpenCarnivores.vcxproj]
C:\Users\User\Documents\claude_code\OpenCarnivores\Audio.cpp(468,27): warning C4302: 'type cast': truncation from 'char *' to 'int' [C:\Users\User\Documents\claude_code\OpenCarnivores\OpenCarnivores.vcxproj]
C:\Users\User\Documents\claude_code\OpenCarnivores\Audio.cpp(486,14): warning C4311: 'type cast': pointer truncation from 'short *' to 'int' [C:\Users\User\Documents\claude_code\OpenCarnivores\OpenCarnivores.vcxproj]
C:\Users\User\Documents\claude_code\OpenCarnivores\Audio.cpp(486,14): warning C4302: 'type cast': truncation from 'short *' to 'int' [C:\Users\User\Documents\claude_code\OpenCarnivores\OpenCarnivores.vcxproj]
C:\Users\User\Documents\claude_code\OpenCarnivores\Audio.cpp(487,20): warning C4311: 'type cast': pointer truncation from 'char *' to 'int' [C:\Users\User\Documents\claude_code\OpenCarnivores\OpenCarnivores.vcxproj]
C:\Users\User\Documents\claude_code\OpenCarnivores\Audio.cpp(487,20): warning C4302: 'type cast': truncation from 'char *' to 'int' [C:\Users\User\Documents\claude_code\OpenCarnivores\OpenCarnivores.vcxproj]
C:\Users\User\Documents\claude_code\OpenCarnivores\Audio.cpp(493,22): warning C4311: 'type cast': pointer truncation from 'char *' to 'int' [C:\Users\User\Documents\claude_code\OpenCarnivores\OpenCarnivores.vcxproj]
C:\Users\User\Documents\claude_code\OpenCarnivores\Audio.cpp(493,22): warning C4302: 'type cast': truncation from 'char *' to 'int' [C:\Users\User\Documents\claude_code\OpenCarnivores\OpenCarnivores.vcxproj]
C:\Users\User\Documents\claude_code\OpenCarnivores\Audio.cpp(494,22): warning C4311: 'type cast': pointer truncation from 'short *' to 'int' [C:\Users\User\Documents\claude_code\OpenCarnivores\OpenCarnivores.vcxproj]
C:\Users\User\Documents\claude_code\OpenCarnivores\Audio.cpp(494,22): warning C4302: 'type cast': truncation from 'short *' to 'int' [C:\Users\User\Documents\claude_code\OpenCarnivores\OpenCarnivores.vcxproj]
C:\Users\User\Documents\claude_code\OpenCarnivores\Audio.cpp(531,14): warning C4311: 'type cast': pointer truncation from 'short *' to 'int' [C:\Users\User\Documents\claude_code\OpenCarnivores\OpenCarnivores.vcxproj]
C:\Users\User\Documents\claude_code\OpenCarnivores\Audio.cpp(531,14): warning C4302: 'type cast': truncation from 'short *' to 'int' [C:\Users\User\Documents\claude_code\OpenCarnivores\OpenCarnivores.vcxproj]
C:\Users\User\Documents\claude_code\OpenCarnivores\Audio.cpp(532,20): warning C4311: 'type cast': pointer truncation from 'char *' to 'int' [C:\Users\User\Documents\claude_code\OpenCarnivores\OpenCarnivores.vcxproj]
C:\Users\User\Documents\claude_code\OpenCarnivores\Audio.cpp(532,20): warning C4302: 'type cast': truncation from 'char *' to 'int' [C:\Users\User\Documents\claude_code\OpenCarnivores\OpenCarnivores.vcxproj]
C:\Users\User\Documents\claude_code\OpenCarnivores\Audio.cpp(538,22): warning C4311: 'type cast': pointer truncation from 'char *' to 'int' [C:\Users\User\Documents\claude_code\OpenCarnivores\OpenCarnivores.vcxproj]
C:\Users\User\Documents\claude_code\OpenCarnivores\Audio.cpp(538,22): warning C4302: 'type cast': truncation from 'char *' to 'int' [C:\Users\User\Documents\claude_code\OpenCarnivores\OpenCarnivores.vcxproj]
C:\Users\User\Documents\claude_code\OpenCarnivores\Audio.cpp(539,22): warning C4311: 'type cast': pointer truncation from 'short *' to 'int' [C:\Users\User\Documents\claude_code\OpenCarnivores\OpenCarnivores.vcxproj]
C:\Users\User\Documents\claude_code\OpenCarnivores\Audio.cpp(539,22): warning C4302: 'type cast': truncation from 'short *' to 'int' [C:\Users\User\Documents\claude_code\OpenCarnivores\OpenCarnivores.vcxproj]
C:\Users\User\Documents\claude_code\OpenCarnivores\Audio.cpp(552,17): warning C4312: 'type cast': conversion from 'int' to 'short *' of greater size [C:\Users\User\Documents\claude_code\OpenCarnivores\OpenCarnivores.vcxproj]
C:\Users\User\Documents\claude_code\OpenCarnivores\Audio.cpp(553,16): warning C4312: 'type cast': conversion from 'int' to 'short *' of greater size [C:\Users\User\Documents\claude_code\OpenCarnivores\OpenCarnivores.vcxproj]
  Audio_OpenAL.cpp
  Audio_SDL.cpp
  Bindings.cpp
C:\Users\User\Documents\claude_code\OpenCarnivores\Bindings.cpp(96,25): warning C4996: 'fopen': This function or variable may be unsafe. Consider using fopen_s instead. To disable deprecation, use _CRT_SECURE_NO_WARNINGS. See online help for details. [C:\Users\User\Documents\claude_code\OpenCarnivores\OpenCarnivores.vcxproj]
C:\Users\User\Documents\claude_code\OpenCarnivores\Bindings.cpp(161,25): warning C4996: 'fopen': This function or variable may be unsafe. Consider using fopen_s instead. To disable deprecation, use _CRT_SECURE_NO_WARNINGS. See online help for details. [C:\Users\User\Documents\claude_code\OpenCarnivores\OpenCarnivores.vcxproj]
  CMakeCXXCompilerId.cpp
  Characters.cpp
C:\Users\User\Documents\claude_code\OpenCarnivores\Characters.cpp(1020,25): warning C4244: '-=': conversion from 'double' to 'float', possible loss of data [C:\Users\User\Documents\claude_code\OpenCarnivores\OpenCarnivores.vcxproj]
C:\Users\User\Documents\claude_code\OpenCarnivores\Characters.cpp(4483,4): warning C4996: 'sprintf': This function or variable may be unsafe. Consider using sprintf_s instead. To disable deprecation, use _CRT_SECURE_NO_WARNINGS. See online help for details. [C:\Users\User\Documents\claude_code\OpenCarnivores\OpenCarnivores.vcxproj]
C:\Users\User\Documents\claude_code\OpenCarnivores\Characters.cpp(4485,7): warning C4996: 'sprintf': This function or variable may be unsafe. Consider using sprintf_s instead. To disable deprecation, use _CRT_SECURE_NO_WARNINGS. See online help for details. [C:\Users\User\Documents\claude_code\OpenCarnivores\OpenCarnivores.vcxproj]
C:\Users\User\Documents\claude_code\OpenCarnivores\Characters.cpp(4621,39): warning C4244: '=': conversion from 'int' to 'float', possible loss of data [C:\Users\User\Documents\claude_code\OpenCarnivores\OpenCarnivores.vcxproj]
C:\Users\User\Documents\claude_code\OpenCarnivores\Characters.cpp(4622,42): warning C4244: '=': conversion from 'int' to 'float', possible loss of data [C:\Users\User\Documents\claude_code\OpenCarnivores\OpenCarnivores.vcxproj]
  dxguids.cpp
  CustomMaterials.cpp
C:\Users\User\Documents\claude_code\OpenCarnivores\CustomMaterials.cpp(26,10): error C1083: Cannot open include file: 'stb_image.h': No such file or directory [C:\Users\User\Documents\claude_code\OpenCarnivores\OpenCarnivores.vcxproj]
  DataDefs.cpp
C:\Users\User\Documents\claude_code\OpenCarnivores\DataDefs.cpp(169,9): warning C4996: 'sprintf': This function or variable may be unsafe. Consider using sprintf_s instead. To disable deprecation, use _CRT_SECURE_NO_WARNINGS. See online help for details. [C:\Users\User\Documents\claude_code\OpenCarnivores\OpenCarnivores.vcxproj]
C:\Users\User\Documents\claude_code\OpenCarnivores\DataDefs.cpp(239,45): warning C4996: 'strncpy': This function or variable may be unsafe. Consider using strncpy_s instead. To disable deprecation, use _CRT_SECURE_NO_WARNINGS. See online help for details. [C:\Users\User\Documents\claude_code\OpenCarnivores\OpenCarnivores.vcxproj]
C:\Users\User\Documents\claude_code\OpenCarnivores\DataDefs.cpp(240,45): warning C4996: 'strncpy': This function or variable may be unsafe. Consider using strncpy_s instead. To disable deprecation, use _CRT_SECURE_NO_WARNINGS. See online help for details. [C:\Users\User\Documents\claude_code\OpenCarnivores\OpenCarnivores.vcxproj]
C:\Users\User\Documents\claude_code\OpenCarnivores\DataDefs.cpp(241,45): warning C4996: 'strncpy': This function or variable may be unsafe. Consider using strncpy_s instead. To disable deprecation, use _CRT_SECURE_NO_WARNINGS. See online help for details. [C:\Users\User\Documents\claude_code\OpenCarnivores\OpenCarnivores.vcxproj]
C:\Users\User\Documents\claude_code\OpenCarnivores\DataDefs.cpp(263,42): warning C4996: 'strncpy': This function or variable may be unsafe. Consider using strncpy_s instead. To disable deprecation, use _CRT_SECURE_NO_WARNINGS. See online help for details. [C:\Users\User\Documents\claude_code\OpenCarnivores\OpenCarnivores.vcxproj]
C:\Users\User\Documents\claude_code\OpenCarnivores\DataDefs.cpp(264,42): warning C4996: 'strncpy': This function or variable may be unsafe. Consider using strncpy_s instead. To disable deprecation, use _CRT_SECURE_NO_WARNINGS. See online help for details. [C:\Users\User\Documents\claude_code\OpenCarnivores\OpenCarnivores.vcxproj]
C:\Users\User\Documents\claude_code\OpenCarnivores\DataDefs.cpp(265,42): warning C4996: 'strncpy': This function or variable may be unsafe. Consider using strncpy_s instead. To disable deprecation, use _CRT_SECURE_NO_WARNINGS. See online help for details. [C:\Users\User\Documents\claude_code\OpenCarnivores\OpenCarnivores.vcxproj]
C:\Users\User\Documents\claude_code\OpenCarnivores\DataDefs.cpp(302,5): warning C4996: 'sprintf': This function or variable may be unsafe. Consider using sprintf_s instead. To disable deprecation, use _CRT_SECURE_NO_WARNINGS. See online help for details. [C:\Users\User\Documents\claude_code\OpenCarnivores\OpenCarnivores.vcxproj]
C:\Users\User\Documents\claude_code\OpenCarnivores\DataDefs.cpp(331,5): warning C4996: 'sprintf': This function or variable may be unsafe. Consider using sprintf_s instead. To disable deprecation, use _CRT_SECURE_NO_WARNINGS. See online help for details. [C:\Users\User\Documents\claude_code\OpenCarnivores\OpenCarnivores.vcxproj]
  Game.cpp
C:\Users\User\Documents\claude_code\OpenCarnivores\Game.cpp(26,10): warning C4101: 'temp': unreferenced local variable [C:\Users\User\Documents\claude_code\OpenCarnivores\OpenCarnivores.vcxproj]
C:\Users\User\Documents\claude_code\OpenCarnivores\Game.cpp(198,11): warning C4244: 'initializing': conversion from 'double' to 'float', possible loss of data [C:\Users\User\Documents\claude_code\OpenCarnivores\OpenCarnivores.vcxproj]
C:\Users\User\Documents\claude_code\OpenCarnivores\Game.cpp(199,11): warning C4244: 'initializing': conversion from 'double' to 'float', possible loss of data [C:\Users\User\Documents\claude_code\OpenCarnivores\OpenCarnivores.vcxproj]
C:\Users\User\Documents\claude_code\OpenCarnivores\Game.cpp(203,47): warning C4244: '=': conversion from 'float' to 'int', possible loss of data [C:\Users\User\Documents\claude_code\OpenCarnivores\OpenCarnivores.vcxproj]
C:\Users\User\Documents\claude_code\OpenCarnivores\Game.cpp(292,11): warning C4101: 'hh': unreferenced local variable [C:\Users\User\Documents\claude_code\OpenCarnivores\OpenCarnivores.vcxproj]
C:\Users\User\Documents\claude_code\OpenCarnivores\Game.cpp(455,28): warning C4996: 'strcpy': This function or variable may be unsafe. Consider using strcpy_s instead. To disable deprecation, use _CRT_SECURE_NO_WARNINGS. See online help for details. [C:\Users\User\Documents\claude_code\OpenCarnivores\OpenCarnivores.vcxproj]
C:\Users\User\Documents\claude_code\OpenCarnivores\Game.cpp(870,30): warning C4244: '=': conversion from 'int' to 'float', possible loss of data [C:\Users\User\Documents\claude_code\OpenCarnivores\OpenCarnivores.vcxproj]
C:\Users\User\Documents\claude_code\OpenCarnivores\Game.cpp(871,27): warning C4244: '=': conversion from 'int' to 'float', possible loss of data [C:\Users\User\Documents\claude_code\OpenCarnivores\OpenCarnivores.vcxproj]
C:\Users\User\Documents\claude_code\OpenCarnivores\Game.cpp(888,18): warning C4305: '=': truncation from 'double' to 'float' [C:\Users\User\Documents\claude_code\OpenCarnivores\OpenCarnivores.vcxproj]
C:\Users\User\Documents\claude_code\OpenCarnivores\Game.cpp(900,18): warning C4305: '=': truncation from 'double' to 'float' [C:\Users\User\Documents\claude_code\OpenCarnivores\OpenCarnivores.vcxproj]
C:\Users\User\Documents\claude_code\OpenCarnivores\Game.cpp(1134,11): warning C4244: 'initializing': conversion from 'double' to 'float', possible loss of data [C:\Users\User\Documents\claude_code\OpenCarnivores\OpenCarnivores.vcxproj]
C:\Users\User\Documents\claude_code\OpenCarnivores\Game.cpp(1135,11): warning C4244: 'initializing': conversion from 'double' to 'float', possible loss of data [C:\Users\User\Documents\claude_code\OpenCarnivores\OpenCarnivores.vcxproj]
C:\Users\User\Documents\claude_code\OpenCarnivores\Game.cpp(1141,36): warning C4244: '=': conversion from 'int' to 'float', possible loss of data [C:\Users\User\Documents\claude_code\OpenCarnivores\OpenCarnivores.vcxproj]
C:\Users\User\Documents\claude_code\OpenCarnivores\Game.cpp(1147,27): warning C4244: '=': conversion from 'int' to 'float', possible loss of data [C:\Users\User\Documents\claude_code\OpenCarnivores\OpenCarnivores.vcxproj]
C:\Users\User\Documents\claude_code\OpenCarnivores\Game.cpp(1154,58): warning C4244: '=': conversion from 'int' to 'float', possible loss of data [C:\Users\User\Documents\claude_code\OpenCarnivores\OpenCarnivores.vcxproj]
C:\Users\User\Documents\claude_code\OpenCarnivores\Game.cpp(1158,50): warning C4244: '=': conversion from 'int' to 'float', possible loss of data [C:\Users\User\Documents\claude_code\OpenCarnivores\OpenCarnivores.vcxproj]
C:\Users\User\Documents\claude_code\OpenCarnivores\Game.cpp(1159,57): warning C4244: '=': conversion from 'int' to 'float', possible loss of data [C:\Users\User\Documents\claude_code\OpenCarnivores\OpenCarnivores.vcxproj]
C:\Users\User\Documents\claude_code\OpenCarnivores\Game.cpp(1160,47): warning C4244: '=': conversion from 'int' to 'float', possible loss of data [C:\Users\User\Documents\claude_code\OpenCarnivores\OpenCarnivores.vcxproj]
C:\Users\User\Documents\claude_code\OpenCarnivores\Game.cpp(1163,50): warning C4244: '=': conversion from 'int' to 'float', possible loss of data [C:\Users\User\Documents\claude_code\OpenCarnivores\OpenCarnivores.vcxproj]
C:\Users\User\Documents\claude_code\OpenCarnivores\Game.cpp(1164,52): warning C4244: '=': conversion from 'int' to 'float', possible loss of data [C:\Users\User\Documents\claude_code\OpenCarnivores\OpenCarnivores.vcxproj]
C:\Users\User\Documents\claude_code\OpenCarnivores\Game.cpp(1165,47): warning C4244: '=': conversion from 'int' to 'float', possible loss of data [C:\Users\User\Documents\claude_code\OpenCarnivores\OpenCarnivores.vcxproj]
C:\Users\User\Documents\claude_code\OpenCarnivores\Game.cpp(1215,42): warning C4244: 'argument': conversion from 'float' to 'int', possible loss of data [C:\Users\User\Documents\claude_code\OpenCarnivores\OpenCarnivores.vcxproj]
C:\Users\User\Documents\claude_code\OpenCarnivores\Game.cpp(1217,42): warning C4244: 'argument': conversion from 'float' to 'int', possible loss of data [C:\Users\User\Documents\claude_code\OpenCarnivores\OpenCarnivores.vcxproj]
C:\Users\User\Documents\claude_code\OpenCarnivores\Game.cpp(1221,41): warning C4244: 'argument': conversion from 'float' to 'int', possible loss of data [C:\Users\User\Documents\claude_code\OpenCarnivores\OpenCarnivores.vcxproj]
C:\Users\User\Documents\claude_code\OpenCarnivores\Game.cpp(1223,23): warning C4305: 'argument': truncation from 'double' to 'float' [C:\Users\User\Documents\claude_code\OpenCarnivores\OpenCarnivores.vcxproj]
C:\Users\User\Documents\claude_code\OpenCarnivores\Game.cpp(1224,23): warning C4305: 'argument': truncation from 'double' to 'float' [C:\Users\User\Documents\claude_code\OpenCarnivores\OpenCarnivores.vcxproj]
C:\Users\User\Documents\claude_code\OpenCarnivores\Game.cpp(1229,40): warning C4244: 'argument': conversion from 'float' to 'int', possible loss of data [C:\Users\User\Documents\claude_code\OpenCarnivores\OpenCarnivores.vcxproj]
C:\Users\User\Documents\claude_code\OpenCarnivores\Game.cpp(1235,11): warning C4244: 'initializing': conversion from 'float' to 'int', possible loss of data [C:\Users\User\Documents\claude_code\OpenCarnivores\OpenCarnivores.vcxproj]
C:\Users\User\Documents\claude_code\OpenCarnivores\Game.cpp(1238,65): warning C4244: '-=': conversion from 'float' to 'int', possible loss of data [C:\Users\User\Documents\claude_code\OpenCarnivores\OpenCarnivores.vcxproj]
C:\Users\User\Documents\claude_code\OpenCarnivores\Game.cpp(1313,12): warning C4244: 'initializing': conversion from 'double' to 'float', possible loss of data [C:\Users\User\Documents\claude_code\OpenCarnivores\OpenCarnivores.vcxproj]
C:\Users\User\Documents\claude_code\OpenCarnivores\Game.cpp(1544,59): warning C4244: '+=': conversion from 'double' to 'float', possible loss of data [C:\Users\User\Documents\claude_code\OpenCarnivores\OpenCarnivores.vcxproj]
C:\Users\User\Documents\claude_code\OpenCarnivores\Game.cpp(1547,77): warning C4305: 'argument': truncation from 'double' to 'float' [C:\Users\User\Documents\claude_code\OpenCarnivores\OpenCarnivores.vcxproj]
C:\Users\User\Documents\claude_code\OpenCarnivores\Game.cpp(1555,55): warning C4244: '-=': conversion from 'double' to 'float', possible loss of data [C:\Users\User\Documents\claude_code\OpenCarnivores\OpenCarnivores.vcxproj]
C:\Users\User\Documents\claude_code\OpenCarnivores\Game.cpp(1557,90): warning C4305: 'argument': truncation from 'double' to 'float' [C:\Users\User\Documents\claude_code\OpenCarnivores\OpenCarnivores.vcxproj]
C:\Users\User\Documents\claude_code\OpenCarnivores\Game.cpp(1587,13): warning C4244: 'initializing': conversion from 'double' to 'float', possible loss of data [C:\Users\User\Documents\claude_code\OpenCarnivores\OpenCarnivores.vcxproj]
C:\Users\User\Documents\claude_code\OpenCarnivores\Game.cpp(1588,13): warning C4244: 'initializing': conversion from 'double' to 'float', possible loss of data [C:\Users\User\Documents\claude_code\OpenCarnivores\OpenCarnivores.vcxproj]
C:\Users\User\Documents\claude_code\OpenCarnivores\Game.cpp(1589,12): warning C4244: 'initializing': conversion from 'int' to 'float', possible loss of data [C:\Users\User\Documents\claude_code\OpenCarnivores\OpenCarnivores.vcxproj]
  Gamepad.cpp
  HotReload.cpp
  Hunt2.cpp
C:\Users\User\Documents\claude_code\OpenCarnivores\Hunt2.cpp(717,30): warning C4244: '=': conversion from 'float' to 'int', possible loss of data [C:\Users\User\Documents\claude_code\OpenCarnivores\OpenCarnivores.vcxproj]
C:\Users\User\Documents\claude_code\OpenCarnivores\Hunt2.cpp(819,53): warning C4244: 'argument': conversion from 'double' to 'int', possible loss of data [C:\Users\User\Documents\claude_code\OpenCarnivores\OpenCarnivores.vcxproj]
C:\Users\User\Documents\claude_code\OpenCarnivores\Hunt2.cpp(838,21): warning C4244: '=': conversion from 'double' to 'int', possible loss of data [C:\Users\User\Documents\claude_code\OpenCarnivores\OpenCarnivores.vcxproj]
C:\Users\User\Documents\claude_code\OpenCarnivores\Hunt2.cpp(938,2): warning C4996: 'sprintf': This function or variable may be unsafe. Consider using sprintf_s instead. To disable deprecation, use _CRT_SECURE_NO_WARNINGS. See online help for details. [C:\Users\User\Documents\claude_code\OpenCarnivores\OpenCarnivores.vcxproj]
C:\Users\User\Documents\claude_code\OpenCarnivores\Hunt2.cpp(1177,30): warning C4244: '=': conversion from 'double' to 'float', possible loss of data [C:\Users\User\Documents\claude_code\OpenCarnivores\OpenCarnivores.vcxproj]
C:\Users\User\Documents\claude_code\OpenCarnivores\Hunt2.cpp(1178,30): warning C4244: '=': conversion from 'double' to 'float', possible loss of data [C:\Users\User\Documents\claude_code\OpenCarnivores\OpenCarnivores.vcxproj]
C:\Users\User\Documents\claude_code\OpenCarnivores\Hunt2.cpp(1756,35): warning C4244: 'argument': conversion from 'int' to 'float', possible loss of data [C:\Users\User\Documents\claude_code\OpenCarnivores\OpenCarnivores.vcxproj]
C:\Users\User\Documents\claude_code\OpenCarnivores\Hunt2.cpp(1761,68): warning C4244: 'argument': conversion from 'int' to 'float', possible loss of data [C:\Users\User\Documents\claude_code\OpenCarnivores\OpenCarnivores.vcxproj]
C:\Users\User\Documents\claude_code\OpenCarnivores\Hunt2.cpp(2109,17): error C2065: 'g_glRenderer': undeclared identifier [C:\Users\User\Documents\claude_code\OpenCarnivores\OpenCarnivores.vcxproj]
C:\Users\User\Documents\claude_code\OpenCarnivores\Hunt2.cpp(2109,33): error C2065: 'g_glRenderer': undeclared identifier [C:\Users\User\Documents\claude_code\OpenCarnivores\OpenCarnivores.vcxproj]
C:\Users\User\Documents\claude_code\OpenCarnivores\Hunt2.cpp(2110,17): error C2065: 'g_glRenderer': undeclared identifier [C:\Users\User\Documents\claude_code\OpenCarnivores\OpenCarnivores.vcxproj]
C:\Users\User\Documents\claude_code\OpenCarnivores\Hunt2.cpp(2222,13): error C2065: 'g_glRenderer': undeclared identifier [C:\Users\User\Documents\claude_code\OpenCarnivores\OpenCarnivores.vcxproj]
C:\Users\User\Documents\claude_code\OpenCarnivores\Hunt2.cpp(2222,29): error C2065: 'g_glRenderer': undeclared identifier [C:\Users\User\Documents\claude_code\OpenCarnivores\OpenCarnivores.vcxproj]
C:\Users\User\Documents\claude_code\OpenCarnivores\Hunt2.cpp(2223,13): error C2065: 'g_glRenderer': undeclared identifier [C:\Users\User\Documents\claude_code\OpenCarnivores\OpenCarnivores.vcxproj]
  Interface.cpp
C:\Users\User\Documents\claude_code\OpenCarnivores\Interface.cpp(166,2): warning C4996: 'strcpy': This function or variable may be unsafe. Consider using strcpy_s instead. To disable deprecation, use _CRT_SECURE_NO_WARNINGS. See online help for details. [C:\Users\User\Documents\claude_code\OpenCarnivores\OpenCarnivores.vcxproj]
  Loading.cpp
C:\Users\User\Documents\claude_code\OpenCarnivores\Loading.cpp(137,3): warning C4996: 'strcpy': This function or variable may be unsafe. Consider using strcpy_s instead. To disable deprecation, use _CRT_SECURE_NO_WARNINGS. See online help for details. [C:\Users\User\Documents\claude_code\OpenCarnivores\OpenCarnivores.vcxproj]
  Materials.cpp
C:\Users\User\Documents\claude_code\OpenCarnivores\Materials.cpp(11,10): error C1083: Cannot open include file: 'stb_image.h': No such file or directory [C:\Users\User\Documents\claude_code\OpenCarnivores\OpenCarnivores.vcxproj]
  mathematics.cpp
C:\Users\User\Documents\claude_code\OpenCarnivores\mathematics.cpp(720,28): warning C4244: '=': conversion from 'float' to 'int', possible loss of data [C:\Users\User\Documents\claude_code\OpenCarnivores\OpenCarnivores.vcxproj]
C:\Users\User\Documents\claude_code\OpenCarnivores\mathematics.cpp(803,25): warning C4244: '=': conversion from 'float' to 'int', possible loss of data [C:\Users\User\Documents\claude_code\OpenCarnivores\OpenCarnivores.vcxproj]
C:\Users\User\Documents\claude_code\OpenCarnivores\mathematics.cpp(814,21): warning C4101: 'rv': unreferenced local variable [C:\Users\User\Documents\claude_code\OpenCarnivores\OpenCarnivores.vcxproj]
C:\Users\User\Documents\claude_code\OpenCarnivores\mathematics.cpp(813,8): warning C4101: 'c': unreferenced local variable [C:\Users\User\Documents\claude_code\OpenCarnivores\OpenCarnivores.vcxproj]
  Menu.cpp
C:\Users\User\Documents\claude_code\OpenCarnivores\Menu.cpp(533,5): warning C4996: 'strncpy': This function or variable may be unsafe. Consider using strncpy_s instead. To disable deprecation, use _CRT_SECURE_NO_WARNINGS. See online help for details. [C:\Users\User\Documents\claude_code\OpenCarnivores\OpenCarnivores.vcxproj]
C:\Users\User\Documents\claude_code\OpenCarnivores\Menu.cpp(534,22): warning C4996: 'strcpy': This function or variable may be unsafe. Consider using strcpy_s instead. To disable deprecation, use _CRT_SECURE_NO_WARNINGS. See online help for details. [C:\Users\User\Documents\claude_code\OpenCarnivores\OpenCarnivores.vcxproj]
C:\Users\User\Documents\claude_code\OpenCarnivores\Menu.cpp(619,21): warning C4996: 'strncpy': This function or variable may be unsafe. Consider using strncpy_s instead. To disable deprecation, use _CRT_SECURE_NO_WARNINGS. See online help for details. [C:\Users\User\Documents\claude_code\OpenCarnivores\OpenCarnivores.vcxproj]
C:\Users\User\Documents\claude_code\OpenCarnivores\Menu.cpp(647,25): warning C4996: 'strncpy': This function or variable may be unsafe. Consider using strncpy_s instead. To disable deprecation, use _CRT_SECURE_NO_WARNINGS. See online help for details. [C:\Users\User\Documents\claude_code\OpenCarnivores\OpenCarnivores.vcxproj]
C:\Users\User\Documents\claude_code\OpenCarnivores\Menu.cpp(684,17): warning C4996: 'strncpy': This function or variable may be unsafe. Consider using strncpy_s instead. To disable deprecation, use _CRT_SECURE_NO_WARNINGS. See online help for details. [C:\Users\User\Documents\claude_code\OpenCarnivores\OpenCarnivores.vcxproj]
C:\Users\User\Documents\claude_code\OpenCarnivores\Menu.cpp(960,34): warning C4996: 'strncpy': This function or variable may be unsafe. Consider using strncpy_s instead. To disable deprecation, use _CRT_SECURE_NO_WARNINGS. See online help for details. [C:\Users\User\Documents\claude_code\OpenCarnivores\OpenCarnivores.vcxproj]
C:\Users\User\Documents\claude_code\OpenCarnivores\Menu.cpp(961,34): warning C4996: 'strncpy': This function or variable may be unsafe. Consider using strncpy_s instead. To disable deprecation, use _CRT_SECURE_NO_WARNINGS. See online help for details. [C:\Users\User\Documents\claude_code\OpenCarnivores\OpenCarnivores.vcxproj]
C:\Users\User\Documents\claude_code\OpenCarnivores\Menu.cpp(962,34): warning C4996: 'strncpy': This function or variable may be unsafe. Consider using strncpy_s instead. To disable deprecation, use _CRT_SECURE_NO_WARNINGS. See online help for details. [C:\Users\User\Documents\claude_code\OpenCarnivores\OpenCarnivores.vcxproj]
C:\Users\User\Documents\claude_code\OpenCarnivores\Menu.cpp(964,34): warning C4996: 'strncpy': This function or variable may be unsafe. Consider using strncpy_s instead. To disable deprecation, use _CRT_SECURE_NO_WARNINGS. See online help for details. [C:\Users\User\Documents\claude_code\OpenCarnivores\OpenCarnivores.vcxproj]
C:\Users\User\Documents\claude_code\OpenCarnivores\Menu.cpp(966,34): warning C4996: 'strncpy': This function or variable may be unsafe. Consider using strncpy_s instead. To disable deprecation, use _CRT_SECURE_NO_WARNINGS. See online help for details. [C:\Users\User\Documents\claude_code\OpenCarnivores\OpenCarnivores.vcxproj]
C:\Users\User\Documents\claude_code\OpenCarnivores\Menu.cpp(967,48): warning C4996: 'strncpy': This function or variable may be unsafe. Consider using strncpy_s instead. To disable deprecation, use _CRT_SECURE_NO_WARNINGS. See online help for details. [C:\Users\User\Documents\claude_code\OpenCarnivores\OpenCarnivores.vcxproj]
C:\Users\User\Documents\claude_code\OpenCarnivores\Menu.cpp(968,34): warning C4996: 'strncpy': This function or variable may be unsafe. Consider using strncpy_s instead. To disable deprecation, use _CRT_SECURE_NO_WARNINGS. See online help for details. [C:\Users\User\Documents\claude_code\OpenCarnivores\OpenCarnivores.vcxproj]
C:\Users\User\Documents\claude_code\OpenCarnivores\Menu.cpp(969,34): warning C4996: 'strncpy': This function or variable may be unsafe. Consider using strncpy_s instead. To disable deprecation, use _CRT_SECURE_NO_WARNINGS. See online help for details. [C:\Users\User\Documents\claude_code\OpenCarnivores\OpenCarnivores.vcxproj]
C:\Users\User\Documents\claude_code\OpenCarnivores\Menu.cpp(970,34): warning C4996: 'strncpy': This function or variable may be unsafe. Consider using strncpy_s instead. To disable deprecation, use _CRT_SECURE_NO_WARNINGS. See online help for details. [C:\Users\User\Documents\claude_code\OpenCarnivores\OpenCarnivores.vcxproj]
C:\Users\User\Documents\claude_code\OpenCarnivores\Menu.cpp(971,34): warning C4996: 'strncpy': This function or variable may be unsafe. Consider using strncpy_s instead. To disable deprecation, use _CRT_SECURE_NO_WARNINGS. See online help for details. [C:\Users\User\Documents\claude_code\OpenCarnivores\OpenCarnivores.vcxproj]
C:\Users\User\Documents\claude_code\OpenCarnivores\Menu.cpp(974,24): warning C4996: 'strncpy': This function or variable may be unsafe. Consider using strncpy_s instead. To disable deprecation, use _CRT_SECURE_NO_WARNINGS. See online help for details. [C:\Users\User\Documents\claude_code\OpenCarnivores\OpenCarnivores.vcxproj]
C:\Users\User\Documents\claude_code\OpenCarnivores\Menu.cpp(980,44): warning C4996: 'strncpy': This function or variable may be unsafe. Consider using strncpy_s instead. To disable deprecation, use _CRT_SECURE_NO_WARNINGS. See online help for details. [C:\Users\User\Documents\claude_code\OpenCarnivores\OpenCarnivores.vcxproj]
C:\Users\User\Documents\claude_code\OpenCarnivores\Menu.cpp(1826,13): warning C4996: 'strcpy': This function or variable may be unsafe. Consider using strcpy_s instead. To disable deprecation, use _CRT_SECURE_NO_WARNINGS. See online help for details. [C:\Users\User\Documents\claude_code\OpenCarnivores\OpenCarnivores.vcxproj]
C:\Users\User\Documents\claude_code\OpenCarnivores\Menu.cpp(1876,15): warning C4996: 'fopen': This function or variable may be unsafe. Consider using fopen_s instead. To disable deprecation, use _CRT_SECURE_NO_WARNINGS. See online help for details. [C:\Users\User\Documents\claude_code\OpenCarnivores\OpenCarnivores.vcxproj]
C:\Users\User\Documents\claude_code\OpenCarnivores\Menu.cpp(1892,15): warning C4996: 'fopen': This function or variable may be unsafe. Consider using fopen_s instead. To disable deprecation, use _CRT_SECURE_NO_WARNINGS. See online help for details. [C:\Users\User\Documents\claude_code\OpenCarnivores\OpenCarnivores.vcxproj]
C:\Users\User\Documents\claude_code\OpenCarnivores\Menu.cpp(2092,17): warning C4996: 'strcpy': This function or variable may be unsafe. Consider using strcpy_s instead. To disable deprecation, use _CRT_SECURE_NO_WARNINGS. See online help for details. [C:\Users\User\Documents\claude_code\OpenCarnivores\OpenCarnivores.vcxproj]
  ModelOverrides.cpp
C:\Users\User\Documents\claude_code\OpenCarnivores\ModelOverrides.cpp(65,22): warning C4996: 'sscanf': This function or variable may be unsafe. Consider using sscanf_s instead. To disable deprecation, use _CRT_SECURE_NO_WARNINGS. See online help for details. [C:\Users\User\Documents\claude_code\OpenCarnivores\OpenCarnivores.vcxproj]
C:\Users\User\Documents\claude_code\OpenCarnivores\ModelOverrides.cpp(70,22): warning C4996: 'sscanf': This function or variable may be unsafe. Consider using sscanf_s instead. To disable deprecation, use _CRT_SECURE_NO_WARNINGS. See online help for details. [C:\Users\User\Documents\claude_code\OpenCarnivores\OpenCarnivores.vcxproj]
C:\Users\User\Documents\claude_code\OpenCarnivores\ModelOverrides.cpp(77,30): warning C4996: 'strtok': This function or variable may be unsafe. Consider using strtok_s instead. To disable deprecation, use _CRT_SECURE_NO_WARNINGS. See online help for details. [C:\Users\User\Documents\claude_code\OpenCarnivores\OpenCarnivores.vcxproj]
C:\Users\User\Documents\claude_code\OpenCarnivores\ModelOverrides.cpp(80,28): warning C4996: 'strtok': This function or variable may be unsafe. Consider using strtok_s instead. To disable deprecation, use _CRT_SECURE_NO_WARNINGS. See online help for details. [C:\Users\User\Documents\claude_code\OpenCarnivores\OpenCarnivores.vcxproj]
  Running Code Analysis for C/C++...
  Generating Code...
  Compiling...
  Render3DFX.cpp
  renderasm.cpp
C:\Users\User\Documents\claude_code\OpenCarnivores\renderasm.cpp(4,9): error C2065: 'xa': undeclared identifier [C:\Users\User\Documents\claude_code\OpenCarnivores\OpenCarnivores.vcxproj]
C:\Users\User\Documents\claude_code\OpenCarnivores\renderasm.cpp(4,14): error C2065: 'xb': undeclared identifier [C:\Users\User\Documents\claude_code\OpenCarnivores\OpenCarnivores.vcxproj]
C:\Users\User\Documents\claude_code\OpenCarnivores\renderasm.cpp(5,4): error C4235: nonstandard extension used: '__asm' keyword not supported on this architecture [C:\Users\User\Documents\claude_code\OpenCarnivores\OpenCarnivores.vcxproj]
C:\Users\User\Documents\claude_code\OpenCarnivores\renderasm.cpp(6,7): error C2065: 'mov': undeclared identifier [C:\Users\User\Documents\claude_code\OpenCarnivores\OpenCarnivores.vcxproj]
C:\Users\User\Documents\claude_code\OpenCarnivores\renderasm.cpp(6,16): error C2146: syntax error: missing ';' before identifier 'edi' [C:\Users\User\Documents\claude_code\OpenCarnivores\OpenCarnivores.vcxproj]
C:\Users\User\Documents\claude_code\OpenCarnivores\renderasm.cpp(6,16): error C2065: 'edi': undeclared identifier [C:\Users\User\Documents\claude_code\OpenCarnivores\OpenCarnivores.vcxproj]
C:\Users\User\Documents\claude_code\OpenCarnivores\renderasm.cpp(6,20): error C2065: 'xa': undeclared identifier [C:\Users\User\Documents\claude_code\OpenCarnivores\OpenCarnivores.vcxproj]
C:\Users\User\Documents\claude_code\OpenCarnivores\renderasm.cpp(7,7): error C2146: syntax error: missing ';' before identifier 'sar' [C:\Users\User\Documents\claude_code\OpenCarnivores\OpenCarnivores.vcxproj]
C:\Users\User\Documents\claude_code\OpenCarnivores\renderasm.cpp(7,7): error C2065: 'sar': undeclared identifier [C:\Users\User\Documents\claude_code\OpenCarnivores\OpenCarnivores.vcxproj]
C:\Users\User\Documents\claude_code\OpenCarnivores\renderasm.cpp(7,19): error C2146: syntax error: missing ';' before identifier 'edi' [C:\Users\User\Documents\claude_code\OpenCarnivores\OpenCarnivores.vcxproj]
C:\Users\User\Documents\claude_code\OpenCarnivores\renderasm.cpp(7,19): error C2065: 'edi': undeclared identifier [C:\Users\User\Documents\claude_code\OpenCarnivores\OpenCarnivores.vcxproj]
C:\Users\User\Documents\claude_code\OpenCarnivores\renderasm.cpp(8,7): error C2146: syntax error: missing ';' before identifier 'mov' [C:\Users\User\Documents\claude_code\OpenCarnivores\OpenCarnivores.vcxproj]
C:\Users\User\Documents\claude_code\OpenCarnivores\renderasm.cpp(8,7): error C2065: 'mov': undeclared identifier [C:\Users\User\Documents\claude_code\OpenCarnivores\OpenCarnivores.vcxproj]
C:\Users\User\Documents\claude_code\OpenCarnivores\renderasm.cpp(8,16): error C2146: syntax error: missing ';' before identifier 'xa16' [C:\Users\User\Documents\claude_code\OpenCarnivores\OpenCarnivores.vcxproj]
C:\Users\User\Documents\claude_code\OpenCarnivores\renderasm.cpp(8,16): error C2065: 'xa16': undeclared identifier [C:\Users\User\Documents\claude_code\OpenCarnivores\OpenCarnivores.vcxproj]
C:\Users\User\Documents\claude_code\OpenCarnivores\renderasm.cpp(8,21): error C2065: 'edi': undeclared identifier [C:\Users\User\Documents\claude_code\OpenCarnivores\OpenCarnivores.vcxproj]
C:\Users\User\Documents\claude_code\OpenCarnivores\renderasm.cpp(9,7): error C2146: syntax error: missing ';' before identifier 'mov' [C:\Users\User\Documents\claude_code\OpenCarnivores\OpenCarnivores.vcxproj]
C:\Users\User\Documents\claude_code\OpenCarnivores\renderasm.cpp(9,7): error C2065: 'mov': undeclared identifier [C:\Users\User\Documents\claude_code\OpenCarnivores\OpenCarnivores.vcxproj]
C:\Users\User\Documents\claude_code\OpenCarnivores\renderasm.cpp(9,16): error C2146: syntax error: missing ';' before identifier 'eax' [C:\Users\User\Documents\claude_code\OpenCarnivores\OpenCarnivores.vcxproj]
C:\Users\User\Documents\claude_code\OpenCarnivores\renderasm.cpp(9,16): error C2065: 'eax': undeclared identifier [C:\Users\User\Documents\claude_code\OpenCarnivores\OpenCarnivores.vcxproj]
C:\Users\User\Documents\claude_code\OpenCarnivores\renderasm.cpp(9,20): error C2065: 'xb': undeclared identifier [C:\Users\User\Documents\claude_code\OpenCarnivores\OpenCarnivores.vcxproj]
C:\Users\User\Documents\claude_code\OpenCarnivores\renderasm.cpp(10,7): error C2065: 'sar': undeclared identifier [C:\Users\User\Documents\claude_code\OpenCarnivores\OpenCarnivores.vcxproj]
C:\Users\User\Documents\claude_code\OpenCarnivores\renderasm.cpp(10,19): error C2146: syntax error: missing ';' before identifier 'eax' [C:\Users\User\Documents\claude_code\OpenCarnivores\OpenCarnivores.vcxproj]
C:\Users\User\Documents\claude_code\OpenCarnivores\renderasm.cpp(10,19): error C2065: 'eax': undeclared identifier [C:\Users\User\Documents\claude_code\OpenCarnivores\OpenCarnivores.vcxproj]
C:\Users\User\Documents\claude_code\OpenCarnivores\renderasm.cpp(11,7): error C2146: syntax error: missing ';' before identifier 'mov' [C:\Users\User\Documents\claude_code\OpenCarnivores\OpenCarnivores.vcxproj]
C:\Users\User\Documents\claude_code\OpenCarnivores\renderasm.cpp(11,7): error C2065: 'mov': undeclared identifier [C:\Users\User\Documents\claude_code\OpenCarnivores\OpenCarnivores.vcxproj]
C:\Users\User\Documents\claude_code\OpenCarnivores\renderasm.cpp(11,16): error C2146: syntax error: missing ';' before identifier 'xb16' [C:\Users\User\Documents\claude_code\OpenCarnivores\OpenCarnivores.vcxproj]
C:\Users\User\Documents\claude_code\OpenCarnivores\renderasm.cpp(11,16): error C2065: 'xb16': undeclared identifier [C:\Users\User\Documents\claude_code\OpenCarnivores\OpenCarnivores.vcxproj]
C:\Users\User\Documents\claude_code\OpenCarnivores\renderasm.cpp(11,21): error C2065: 'eax': undeclared identifier [C:\Users\User\Documents\claude_code\OpenCarnivores\OpenCarnivores.vcxproj]
C:\Users\User\Documents\claude_code\OpenCarnivores\renderasm.cpp(12,7): error C2146: syntax error: missing ';' before identifier 'sub' [C:\Users\User\Documents\claude_code\OpenCarnivores\OpenCarnivores.vcxproj]
C:\Users\User\Documents\claude_code\OpenCarnivores\renderasm.cpp(12,7): error C2065: 'sub': undeclared identifier [C:\Users\User\Documents\claude_code\OpenCarnivores\OpenCarnivores.vcxproj]
C:\Users\User\Documents\claude_code\OpenCarnivores\renderasm.cpp(12,16): error C2146: syntax error: missing ';' before identifier 'eax' [C:\Users\User\Documents\claude_code\OpenCarnivores\OpenCarnivores.vcxproj]
C:\Users\User\Documents\claude_code\OpenCarnivores\renderasm.cpp(12,16): error C2065: 'eax': undeclared identifier [C:\Users\User\Documents\claude_code\OpenCarnivores\OpenCarnivores.vcxproj]
C:\Users\User\Documents\claude_code\OpenCarnivores\renderasm.cpp(12,20): error C2065: 'edi': undeclared identifier [C:\Users\User\Documents\claude_code\OpenCarnivores\OpenCarnivores.vcxproj]
C:\Users\User\Documents\claude_code\OpenCarnivores\renderasm.cpp(13,7): error C2065: 'jz': undeclared identifier [C:\Users\User\Documents\claude_code\OpenCarnivores\OpenCarnivores.vcxproj]
C:\Users\User\Documents\claude_code\OpenCarnivores\renderasm.cpp(13,11): error C2146: syntax error: missing ';' before identifier 'END_PAINT' [C:\Users\User\Documents\claude_code\OpenCarnivores\OpenCarnivores.vcxproj]
C:\Users\User\Documents\claude_code\OpenCarnivores\renderasm.cpp(13,11): error C2065: 'END_PAINT': undeclared identifier [C:\Users\User\Documents\claude_code\OpenCarnivores\OpenCarnivores.vcxproj]
C:\Users\User\Documents\claude_code\OpenCarnivores\renderasm.cpp(14,7): error C2146: syntax error: missing ';' before identifier 'mov' [C:\Users\User\Documents\claude_code\OpenCarnivores\OpenCarnivores.vcxproj]
C:\Users\User\Documents\claude_code\OpenCarnivores\renderasm.cpp(14,7): error C2065: 'mov': undeclared identifier [C:\Users\User\Documents\claude_code\OpenCarnivores\OpenCarnivores.vcxproj]
C:\Users\User\Documents\claude_code\OpenCarnivores\renderasm.cpp(14,16): error C2146: syntax error: missing ';' before identifier 'ecx' [C:\Users\User\Documents\claude_code\OpenCarnivores\OpenCarnivores.vcxproj]
C:\Users\User\Documents\claude_code\OpenCarnivores\renderasm.cpp(14,16): error C2065: 'ecx': undeclared identifier [C:\Users\User\Documents\claude_code\OpenCarnivores\OpenCarnivores.vcxproj]
C:\Users\User\Documents\claude_code\OpenCarnivores\renderasm.cpp(14,20): error C2065: 'eax': undeclared identifier [C:\Users\User\Documents\claude_code\OpenCarnivores\OpenCarnivores.vcxproj]
C:\Users\User\Documents\claude_code\OpenCarnivores\renderasm.cpp(16,7): error C2146: syntax error: missing ';' before identifier 'mov' [C:\Users\User\Documents\claude_code\OpenCarnivores\OpenCarnivores.vcxproj]
C:\Users\User\Documents\claude_code\OpenCarnivores\renderasm.cpp(16,7): error C2065: 'mov': undeclared identifier [C:\Users\User\Documents\claude_code\OpenCarnivores\OpenCarnivores.vcxproj]
C:\Users\User\Documents\claude_code\OpenCarnivores\renderasm.cpp(16,16): error C2146: syntax error: missing ';' before identifier 'ebx' [C:\Users\User\Documents\claude_code\OpenCarnivores\OpenCarnivores.vcxproj]
C:\Users\User\Documents\claude_code\OpenCarnivores\renderasm.cpp(16,16): error C2065: 'ebx': undeclared identifier [C:\Users\User\Documents\claude_code\OpenCarnivores\OpenCarnivores.vcxproj]
C:\Users\User\Documents\claude_code\OpenCarnivores\renderasm.cpp(16,20): error C2065: 'WinEX': undeclared identifier [C:\Users\User\Documents\claude_code\OpenCarnivores\OpenCarnivores.vcxproj]
C:\Users\User\Documents\claude_code\OpenCarnivores\renderasm.cpp(17,7): error C2146: syntax error: missing ';' before identifier 'cmp' [C:\Users\User\Documents\claude_code\OpenCarnivores\OpenCarnivores.vcxproj]
C:\Users\User\Documents\claude_code\OpenCarnivores\renderasm.cpp(17,7): error C2065: 'cmp': undeclared identifier [C:\Users\User\Documents\claude_code\OpenCarnivores\OpenCarnivores.vcxproj]
C:\Users\User\Documents\claude_code\OpenCarnivores\renderasm.cpp(17,16): error C2146: syntax error: missing ';' before identifier 'edi' [C:\Users\User\Documents\claude_code\OpenCarnivores\OpenCarnivores.vcxproj]
C:\Users\User\Documents\claude_code\OpenCarnivores\renderasm.cpp(17,16): error C2065: 'edi': undeclared identifier [C:\Users\User\Documents\claude_code\OpenCarnivores\OpenCarnivores.vcxproj]
C:\Users\User\Documents\claude_code\OpenCarnivores\renderasm.cpp(17,20): error C2065: 'ebx': undeclared identifier [C:\Users\User\Documents\claude_code\OpenCarnivores\OpenCarnivores.vcxproj]
C:\Users\User\Documents\claude_code\OpenCarnivores\renderasm.cpp(18,7): error C2065: 'jg': undeclared identifier [C:\Users\User\Documents\claude_code\OpenCarnivores\OpenCarnivores.vcxproj]
C:\Users\User\Documents\claude_code\OpenCarnivores\renderasm.cpp(18,19): error C2146: syntax error: missing ';' before identifier 'END_PAINT' [C:\Users\User\Documents\claude_code\OpenCarnivores\OpenCarnivores.vcxproj]
C:\Users\User\Documents\claude_code\OpenCarnivores\renderasm.cpp(18,19): error C2065: 'END_PAINT': undeclared identifier [C:\Users\User\Documents\claude_code\OpenCarnivores\OpenCarnivores.vcxproj]
C:\Users\User\Documents\claude_code\OpenCarnivores\renderasm.cpp(19,7): error C2065: 'mov': undeclared identifier [C:\Users\User\Documents\claude_code\OpenCarnivores\OpenCarnivores.vcxproj]
C:\Users\User\Documents\claude_code\OpenCarnivores\renderasm.cpp(19,16): error C2146: syntax error: missing ';' before identifier 'ebx' [C:\Users\User\Documents\claude_code\OpenCarnivores\OpenCarnivores.vcxproj]
C:\Users\User\Documents\claude_code\OpenCarnivores\renderasm.cpp(19,16): error C2065: 'ebx': undeclared identifier [C:\Users\User\Documents\claude_code\OpenCarnivores\OpenCarnivores.vcxproj]
C:\Users\User\Documents\claude_code\OpenCarnivores\renderasm.cpp(20,7): error C2065: 'cmp': undeclared identifier [C:\Users\User\Documents\claude_code\OpenCarnivores\OpenCarnivores.vcxproj]
C:\Users\User\Documents\claude_code\OpenCarnivores\renderasm.cpp(20,16): error C2146: syntax error: missing ';' before identifier 'xb16' [C:\Users\User\Documents\claude_code\OpenCarnivores\OpenCarnivores.vcxproj]
C:\Users\User\Documents\claude_code\OpenCarnivores\renderasm.cpp(20,16): error C2065: 'xb16': undeclared identifier [C:\Users\User\Documents\claude_code\OpenCarnivores\OpenCarnivores.vcxproj]
C:\Users\User\Documents\claude_code\OpenCarnivores\renderasm.cpp(20,21): error C2065: 'ebx': undeclared identifier [C:\Users\User\Documents\claude_code\OpenCarnivores\OpenCarnivores.vcxproj]
C:\Users\User\Documents\claude_code\OpenCarnivores\renderasm.cpp(21,7): error C2065: 'jl': undeclared identifier [C:\Users\User\Documents\claude_code\OpenCarnivores\OpenCarnivores.vcxproj]
C:\Users\User\Documents\claude_code\OpenCarnivores\renderasm.cpp(21,19): error C2146: syntax error: missing ';' before identifier 'END_PAINT' [C:\Users\User\Documents\claude_code\OpenCarnivores\OpenCarnivores.vcxproj]
C:\Users\User\Documents\claude_code\OpenCarnivores\renderasm.cpp(21,19): error C2065: 'END_PAINT': undeclared identifier [C:\Users\User\Documents\claude_code\OpenCarnivores\OpenCarnivores.vcxproj]
C:\Users\User\Documents\claude_code\OpenCarnivores\renderasm.cpp(23,7): error C2065: 'mov': undeclared identifier [C:\Users\User\Documents\claude_code\OpenCarnivores\OpenCarnivores.vcxproj]
C:\Users\User\Documents\claude_code\OpenCarnivores\renderasm.cpp(23,16): error C2146: syntax error: missing ';' before identifier 'ebx' [C:\Users\User\Documents\claude_code\OpenCarnivores\OpenCarnivores.vcxproj]
C:\Users\User\Documents\claude_code\OpenCarnivores\renderasm.cpp(23,16): error C2065: 'ebx': undeclared identifier [C:\Users\User\Documents\claude_code\OpenCarnivores\OpenCarnivores.vcxproj]
C:\Users\User\Documents\claude_code\OpenCarnivores\renderasm.cpp(23,20): error C2065: 'ecx': undeclared identifier [C:\Users\User\Documents\claude_code\OpenCarnivores\OpenCarnivores.vcxproj]
C:\Users\User\Documents\claude_code\OpenCarnivores\renderasm.cpp(24,7): error C2065: 'cmp': undeclared identifier [C:\Users\User\Documents\claude_code\OpenCarnivores\OpenCarnivores.vcxproj]
C:\Users\User\Documents\claude_code\OpenCarnivores\renderasm.cpp(24,16): error C2146: syntax error: missing ';' before identifier 'ebx' [C:\Users\User\Documents\claude_code\OpenCarnivores\OpenCarnivores.vcxproj]
C:\Users\User\Documents\claude_code\OpenCarnivores\renderasm.cpp(24,16): error C2065: 'ebx': undeclared identifier [C:\Users\User\Documents\claude_code\OpenCarnivores\OpenCarnivores.vcxproj]
C:\Users\User\Documents\claude_code\OpenCarnivores\renderasm.cpp(25,7): error C2065: 'jle': undeclared identifier [C:\Users\User\Documents\claude_code\OpenCarnivores\OpenCarnivores.vcxproj]
C:\Users\User\Documents\claude_code\OpenCarnivores\renderasm.cpp(25,19): error C2146: syntax error: missing ';' before identifier 'L01' [C:\Users\User\Documents\claude_code\OpenCarnivores\OpenCarnivores.vcxproj]
C:\Users\User\Documents\claude_code\OpenCarnivores\renderasm.cpp(25,19): error C2065: 'L01': undeclared identifier [C:\Users\User\Documents\claude_code\OpenCarnivores\OpenCarnivores.vcxproj]
C:\Users\User\Documents\claude_code\OpenCarnivores\renderasm.cpp(26,7): error C2146: syntax error: missing ';' before identifier 'lea' [C:\Users\User\Documents\claude_code\OpenCarnivores\OpenCarnivores.vcxproj]
C:\Users\User\Documents\claude_code\OpenCarnivores\renderasm.cpp(26,7): error C2065: 'lea': undeclared identifier [C:\Users\User\Documents\claude_code\OpenCarnivores\OpenCarnivores.vcxproj]
C:\Users\User\Documents\claude_code\OpenCarnivores\renderasm.cpp(26,16): error C2146: syntax error: missing ';' before identifier 'ebx' [C:\Users\User\Documents\claude_code\OpenCarnivores\OpenCarnivores.vcxproj]
C:\Users\User\Documents\claude_code\OpenCarnivores\renderasm.cpp(26,16): error C2065: 'ebx': undeclared identifier [C:\Users\User\Documents\claude_code\OpenCarnivores\OpenCarnivores.vcxproj]
C:\Users\User\Documents\claude_code\OpenCarnivores\renderasm.cpp(26,28): error C2146: syntax error: missing ']' before identifier 'DivTbl' [C:\Users\User\Documents\claude_code\OpenCarnivores\OpenCarnivores.vcxproj]
C:\Users\User\Documents\claude_code\OpenCarnivores\renderasm.cpp(26,21): error C3481: 'offset': lambda capture variable not found [C:\Users\User\Documents\claude_code\OpenCarnivores\OpenCarnivores.vcxproj]
C:\Users\User\Documents\claude_code\OpenCarnivores\renderasm.cpp(26,28): error C3260: 'identifier': skipping unexpected token(s) before lambda body [C:\Users\User\Documents\claude_code\OpenCarnivores\OpenCarnivores.vcxproj]
C:\Users\User\Documents\claude_code\OpenCarnivores\renderasm.cpp(38,11): error C4235: nonstandard extension used: '__asm' keyword not supported on this architecture [C:\Users\User\Documents\claude_code\OpenCarnivores\OpenCarnivores.vcxproj]
C:\Users\User\Documents\claude_code\OpenCarnivores\renderasm.cpp(39,7): error C2065: 'mov': undeclared identifier [C:\Users\User\Documents\claude_code\OpenCarnivores\OpenCarnivores.vcxproj]
C:\Users\User\Documents\claude_code\OpenCarnivores\renderasm.cpp(39,16): error C2146: syntax error: missing ';' before identifier 'ebx' [C:\Users\User\Documents\claude_code\OpenCarnivores\OpenCarnivores.vcxproj]
C:\Users\User\Documents\claude_code\OpenCarnivores\renderasm.cpp(39,16): error C2065: 'ebx': undeclared identifier [C:\Users\User\Documents\claude_code\OpenCarnivores\OpenCarnivores.vcxproj]
C:\Users\User\Documents\claude_code\OpenCarnivores\renderasm.cpp(39,20): error C2065: 'tya': undeclared identifier [C:\Users\User\Documents\claude_code\OpenCarnivores\OpenCarnivores.vcxproj]
C:\Users\User\Documents\claude_code\OpenCarnivores\renderasm.cpp(40,7): error C2146: syntax error: missing ';' before identifier 'mov' [C:\Users\User\Documents\claude_code\OpenCarnivores\OpenCarnivores.vcxproj]
C:\Users\User\Documents\claude_code\OpenCarnivores\renderasm.cpp(40,7): error C2065: 'mov': undeclared identifier [C:\Users\User\Documents\claude_code\OpenCarnivores\OpenCarnivores.vcxproj]
C:\Users\User\Documents\claude_code\OpenCarnivores\renderasm.cpp(40,16): error C2146: syntax error: missing ';' before identifier 'edx' [C:\Users\User\Documents\claude_code\OpenCarnivores\OpenCarnivores.vcxproj]
C:\Users\User\Documents\claude_code\OpenCarnivores\renderasm.cpp(40,16): error C2065: 'edx': undeclared identifier [C:\Users\User\Documents\claude_code\OpenCarnivores\OpenCarnivores.vcxproj]
C:\Users\User\Documents\claude_code\OpenCarnivores\renderasm.cpp(40,20): error C2065: 'txa': undeclared identifier [C:\Users\User\Documents\claude_code\OpenCarnivores\OpenCarnivores.vcxproj]
C:\Users\User\Documents\claude_code\OpenCarnivores\renderasm.cpp(42,4): error C2146: syntax error: missing ';' before identifier 'cmp' [C:\Users\User\Documents\claude_code\OpenCarnivores\OpenCarnivores.vcxproj]
C:\Users\User\Documents\claude_code\OpenCarnivores\renderasm.cpp(42,4): error C2065: 'cmp': undeclared identifier [C:\Users\User\Documents\claude_code\OpenCarnivores\OpenCarnivores.vcxproj]
C:\Users\User\Documents\claude_code\OpenCarnivores\renderasm.cpp(42,13): error C2146: syntax error: missing ';' before identifier 'xa16' [C:\Users\User\Documents\claude_code\OpenCarnivores\OpenCarnivores.vcxproj]
C:\Users\User\Documents\claude_code\OpenCarnivores\renderasm.cpp(42,13): error C2065: 'xa16': undeclared identifier [C:\Users\User\Documents\claude_code\OpenCarnivores\OpenCarnivores.vcxproj]
C:\Users\User\Documents\claude_code\OpenCarnivores\renderasm.cpp(43,4): error C2065: 'jge': undeclared identifier [C:\Users\User\Documents\claude_code\OpenCarnivores\OpenCarnivores.vcxproj]
C:\Users\User\Documents\claude_code\OpenCarnivores\renderasm.cpp(43,8): error C2146: syntax error: missing ';' before identifier 'L011' [C:\Users\User\Documents\claude_code\OpenCarnivores\OpenCarnivores.vcxproj]
C:\Users\User\Documents\claude_code\OpenCarnivores\renderasm.cpp(43,8): error C2065: 'L011': undeclared identifier [C:\Users\User\Documents\claude_code\OpenCarnivores\OpenCarnivores.vcxproj]
C:\Users\User\Documents\claude_code\OpenCarnivores\renderasm.cpp(46,4): error C2146: syntax error: missing ';' before identifier 'mov' [C:\Users\User\Documents\claude_code\OpenCarnivores\OpenCarnivores.vcxproj]
C:\Users\User\Documents\claude_code\OpenCarnivores\renderasm.cpp(46,4): error C2065: 'mov': undeclared identifier [C:\Users\User\Documents\claude_code\OpenCarnivores\OpenCarnivores.vcxproj]
C:\Users\User\Documents\claude_code\OpenCarnivores\renderasm.cpp(46,10): error C2146: syntax error: missing ';' before identifier 'eax' [C:\Users\User\Documents\claude_code\OpenCarnivores\OpenCarnivores.vcxproj]
C:\Users\User\Documents\claude_code\OpenCarnivores\renderasm.cpp(46,10): error C2065: 'eax': undeclared identifier [C:\Users\User\Documents\claude_code\OpenCarnivores\OpenCarnivores.vcxproj]
C:\Users\User\Documents\claude_code\OpenCarnivores\renderasm.cpp(46,10): error C1003: error count exceeds 100; stopping compilation [C:\Users\User\Documents\claude_code\OpenCarnivores\OpenCarnivores.vcxproj]
  renderd3d.cpp
C:\Users\User\Documents\claude_code\OpenCarnivores\renderd3d.cpp(2601,6): warning C4996: 'sprintf': This function or variable may be unsafe. Consider using sprintf_s instead. To disable deprecation, use _CRT_SECURE_NO_WARNINGS. See online help for details. [C:\Users\User\Documents\claude_code\OpenCarnivores\OpenCarnivores.vcxproj]
C:\Users\User\Documents\claude_code\OpenCarnivores\renderd3d.cpp(2603,6): warning C4996: 'sprintf': This function or variable may be unsafe. Consider using sprintf_s instead. To disable deprecation, use _CRT_SECURE_NO_WARNINGS. See online help for details. [C:\Users\User\Documents\claude_code\OpenCarnivores\OpenCarnivores.vcxproj]
C:\Users\User\Documents\claude_code\OpenCarnivores\renderd3d.cpp(2609,3): warning C4996: 'sprintf': This function or variable may be unsafe. Consider using sprintf_s instead. To disable deprecation, use _CRT_SECURE_NO_WARNINGS. See online help for details. [C:\Users\User\Documents\claude_code\OpenCarnivores\OpenCarnivores.vcxproj]
C:\Users\User\Documents\claude_code\OpenCarnivores\renderd3d.cpp(2611,3): warning C4996: 'sprintf': This function or variable may be unsafe. Consider using sprintf_s instead. To disable deprecation, use _CRT_SECURE_NO_WARNINGS. See online help for details. [C:\Users\User\Documents\claude_code\OpenCarnivores\OpenCarnivores.vcxproj]
C:\Users\User\Documents\claude_code\OpenCarnivores\renderd3d.cpp(2626,14): warning C4996: 'sprintf': This function or variable may be unsafe. Consider using sprintf_s instead. To disable deprecation, use _CRT_SECURE_NO_WARNINGS. See online help for details. [C:\Users\User\Documents\claude_code\OpenCarnivores\OpenCarnivores.vcxproj]
C:\Users\User\Documents\claude_code\OpenCarnivores\renderd3d.cpp(2627,14): warning C4996: 'sprintf': This function or variable may be unsafe. Consider using sprintf_s instead. To disable deprecation, use _CRT_SECURE_NO_WARNINGS. See online help for details. [C:\Users\User\Documents\claude_code\OpenCarnivores\OpenCarnivores.vcxproj]
C:\Users\User\Documents\claude_code\OpenCarnivores\renderd3d.cpp(2667,14): warning C4996: 'sprintf': This function or variable may be unsafe. Consider using sprintf_s instead. To disable deprecation, use _CRT_SECURE_NO_WARNINGS. See online help for details. [C:\Users\User\Documents\claude_code\OpenCarnivores\OpenCarnivores.vcxproj]
C:\Users\User\Documents\claude_code\OpenCarnivores\renderd3d.cpp(2668,14): warning C4996: 'sprintf': This function or variable may be unsafe. Consider using sprintf_s instead. To disable deprecation, use _CRT_SECURE_NO_WARNINGS. See online help for details. [C:\Users\User\Documents\claude_code\OpenCarnivores\OpenCarnivores.vcxproj]
C:\Users\User\Documents\claude_code\OpenCarnivores\renderd3d.cpp(2673,14): warning C4996: 'sprintf': This function or variable may be unsafe. Consider using sprintf_s instead. To disable deprecation, use _CRT_SECURE_NO_WARNINGS. See online help for details. [C:\Users\User\Documents\claude_code\OpenCarnivores\OpenCarnivores.vcxproj]
C:\Users\User\Documents\claude_code\OpenCarnivores\renderd3d.cpp(2674,14): warning C4996: 'sprintf': This function or variable may be unsafe. Consider using sprintf_s instead. To disable deprecation, use _CRT_SECURE_NO_WARNINGS. See online help for details. [C:\Users\User\Documents\claude_code\OpenCarnivores\OpenCarnivores.vcxproj]
C:\Users\User\Documents\claude_code\OpenCarnivores\renderd3d.cpp(3382,32): warning C4244: '=': conversion from 'float' to 'short', possible loss of data [C:\Users\User\Documents\claude_code\OpenCarnivores\OpenCarnivores.vcxproj]
C:\Users\User\Documents\claude_code\OpenCarnivores\renderd3d.cpp(3385,32): warning C4244: '=': conversion from 'float' to 'short', possible loss of data [C:\Users\User\Documents\claude_code\OpenCarnivores\OpenCarnivores.vcxproj]
C:\Users\User\Documents\claude_code\OpenCarnivores\renderd3d.cpp(3388,32): warning C4244: '=': conversion from 'float' to 'short', possible loss of data [C:\Users\User\Documents\claude_code\OpenCarnivores\OpenCarnivores.vcxproj]
C:\Users\User\Documents\claude_code\OpenCarnivores\renderd3d.cpp(3493,62): warning C4244: 'argument': conversion from 'int' to 'float', possible loss of data [C:\Users\User\Documents\claude_code\OpenCarnivores\OpenCarnivores.vcxproj]
C:\Users\User\Documents\claude_code\OpenCarnivores\renderd3d.cpp(3493,51): warning C4244: 'argument': conversion from 'int' to 'float', possible loss of data [C:\Users\User\Documents\claude_code\OpenCarnivores\OpenCarnivores.vcxproj]
C:\Users\User\Documents\claude_code\OpenCarnivores\renderd3d.cpp(5331,49): warning C4244: 'argument': conversion from 'double' to 'float', possible loss of data [C:\Users\User\Documents\claude_code\OpenCarnivores\OpenCarnivores.vcxproj]
C:\Users\User\Documents\claude_code\OpenCarnivores\renderd3d.cpp(5362,49): warning C4244: 'argument': conversion from 'double' to 'float', possible loss of data [C:\Users\User\Documents\claude_code\OpenCarnivores\OpenCarnivores.vcxproj]
C:\Users\User\Documents\claude_code\OpenCarnivores\renderd3d.cpp(5388,14): warning C4244: '=': conversion from 'float' to 'int', possible loss of data [C:\Users\User\Documents\claude_code\OpenCarnivores\OpenCarnivores.vcxproj]
  RendererGL.cpp
C:\Users\User\Documents\claude_code\OpenCarnivores\renderer\RendererGL.cpp(860,42): warning C4244: '=': conversion from 'int' to 'float', possible loss of data [C:\Users\User\Documents\claude_code\OpenCarnivores\OpenCarnivores.vcxproj]
  PostProcessing.cpp
  RenderSoft.cpp
  Resources.cpp
C:\Users\User\Documents\claude_code\OpenCarnivores\Resources.cpp(2058,6): warning C4996: 'strcpy': This function or variable may be unsafe. Consider using strcpy_s instead. To disable deprecation, use _CRT_SECURE_NO_WARNINGS. See online help for details. [C:\Users\User\Documents\claude_code\OpenCarnivores\OpenCarnivores.vcxproj]
C:\Users\User\Documents\claude_code\OpenCarnivores\Resources.cpp(2063,6): warning C4996: 'strcpy': This function or variable may be unsafe. Consider using strcpy_s instead. To disable deprecation, use _CRT_SECURE_NO_WARNINGS. See online help for details. [C:\Users\User\Documents\claude_code\OpenCarnivores\OpenCarnivores.vcxproj]
C:\Users\User\Documents\claude_code\OpenCarnivores\Resources.cpp(2068,6): warning C4996: 'strcpy': This function or variable may be unsafe. Consider using strcpy_s instead. To disable deprecation, use _CRT_SECURE_NO_WARNINGS. See online help for details. [C:\Users\User\Documents\claude_code\OpenCarnivores\OpenCarnivores.vcxproj]
C:\Users\User\Documents\claude_code\OpenCarnivores\Resources.cpp(2114,6): warning C4996: 'strcpy': This function or variable may be unsafe. Consider using strcpy_s instead. To disable deprecation, use _CRT_SECURE_NO_WARNINGS. See online help for details. [C:\Users\User\Documents\claude_code\OpenCarnivores\OpenCarnivores.vcxproj]
C:\Users\User\Documents\claude_code\OpenCarnivores\Resources.cpp(2119,6): warning C4996: 'strcpy': This function or variable may be unsafe. Consider using strcpy_s instead. To disable deprecation, use _CRT_SECURE_NO_WARNINGS. See online help for details. [C:\Users\User\Documents\claude_code\OpenCarnivores\OpenCarnivores.vcxproj]
C:\Users\User\Documents\claude_code\OpenCarnivores\Resources.cpp(2124,6): warning C4996: 'strcpy': This function or variable may be unsafe. Consider using strcpy_s instead. To disable deprecation, use _CRT_SECURE_NO_WARNINGS. See online help for details. [C:\Users\User\Documents\claude_code\OpenCarnivores\OpenCarnivores.vcxproj]
C:\Users\User\Documents\claude_code\OpenCarnivores\Resources.cpp(2165,14): warning C4996: 'fopen': This function or variable may be unsafe. Consider using fopen_s instead. To disable deprecation, use _CRT_SECURE_NO_WARNINGS. See online help for details. [C:\Users\User\Documents\claude_code\OpenCarnivores\OpenCarnivores.vcxproj]
C:\Users\User\Documents\claude_code\OpenCarnivores\Resources.cpp(2142,11): warning C4996: 'fopen': This function or variable may be unsafe. Consider using fopen_s instead. To disable deprecation, use _CRT_SECURE_NO_WARNINGS. See online help for details. [C:\Users\User\Documents\claude_code\OpenCarnivores\OpenCarnivores.vcxproj]
C:\Users\User\Documents\claude_code\OpenCarnivores\Resources.cpp(2216,31): warning C4267: 'argument': conversion from 'size_t' to 'DWORD', possible loss of data [C:\Users\User\Documents\claude_code\OpenCarnivores\OpenCarnivores.vcxproj]
C:\Users\User\Documents\claude_code\OpenCarnivores\Resources.cpp(2221,28): warning C4267: 'argument': conversion from 'size_t' to 'DWORD', possible loss of data [C:\Users\User\Documents\claude_code\OpenCarnivores\OpenCarnivores.vcxproj]
  Scripting.cpp
  TextureOverrides.cpp
C:\Users\User\Documents\claude_code\OpenCarnivores\TextureOverrides.cpp(9,10): error C1083: Cannot open include file: 'stb_image.h': No such file or directory [C:\Users\User\Documents\claude_code\OpenCarnivores\OpenCarnivores.vcxproj]
  VFS.cpp
C:\Users\User\Documents\claude_code\OpenCarnivores\VFS.cpp(24,25): warning C4996: 'fopen': This function or variable may be unsafe. Consider using fopen_s instead. To disable deprecation, use _CRT_SECURE_NO_WARNINGS. See online help for details. [C:\Users\User\Documents\claude_code\OpenCarnivores\OpenCarnivores.vcxproj]
